$ bunx oxlint src --tsconfig ../../tsconfig.oxlint.json

  ! jsx-a11y(label-has-associated-control): A form label must be associated with a control.
    ,-[src/components/Analytics/index.tsx:79:13]
 78 |           <div className="field-type date">
 79 |             <label className="field-label">Start Date</label>
    :             ^^^^^^^^^^^^^^^^^^^^^^^^^^^^^^^
 80 |             <input
    `----
  help: Either give the label a `htmlFor` attribute with the id of the associated control, or wrap the label around the control.

  ! jsx-a11y(label-has-associated-control): A form label must be associated with a control.
    ,-[src/components/Analytics/index.tsx:88:13]
 87 |           <div className="field-type date">
 88 |             <label className="field-label">End Date</label>
    :             ^^^^^^^^^^^^^^^^^^^^^^^^^^^^^^^
 89 |             <input
    `----
  help: Either give the label a `htmlFor` attribute with the id of the associated control, or wrap the label around the control.

  ! jsx-a11y(label-has-associated-control): A form label must be associated with a control.
    ,-[src/components/Analytics/index.tsx:97:13]
 96 |           <div className="field-type select">
 97 |             <label className="field-label">Granularity</label>
    :             ^^^^^^^^^^^^^^^^^^^^^^^^^^^^^^^
 98 |             <select
    `----
  help: Either give the label a `htmlFor` attribute with the id of the associated control, or wrap the label around the control.

  ! unicorn(no-useless-fallback-in-spread): Empty fallbacks in spreads are unnecessary
     ,-[src/index.ts:119:7]
 118 |     ;(config as Config & { custom?: Record<string, unknown> }).custom = {
 119 |       ...((config as Config & { custom?: Record<string, unknown> }).custom || {}),
     :       ^^^^^^^^^^^^^^^^^^^^^^^^^^^^^^^^^^^^^^^^^^^^^^^^^^^^^^^^^^^^^^^^^^^^^^^^^^^
 120 |       [CUSTOM_CONFIG_KEY]: buildConfig,
     `----
  help: Spreading falsy values in object literals won't add any unexpected properties, so it's unnecessary to add an empty object as fallback.

  ! jsx-a11y(heading-has-content): Headings must have content and the content must be accessible by a screen reader.
    ,-[src/components/ui/card.tsx:25:5]
 24 |       ({ className, ...props }, ref) => (
 25 | ,->     <h3
 26 | |         ref={ref}
 27 | |         className={cn('text-2xl font-semibold leading-none tracking-tight', className)}
 28 | |         {...props}
 29 | `->     />
 30 |       ),
    `----
  help: Provide screen reader accessible content when using heading elements.

  ! eslint(no-unused-vars): Identifier 'Appointment' is imported but never used.
   ,-[src/components/Appointments/Blockout.tsx:2:10]
 1 | import React from 'react'
 2 | import { Appointment, BigCalendarAppointment } from '../../types'
   :          ^^^^^|^^^^^
   :               `-- 'Appointment' is imported here
 3 | import './eventStyles.scss'
   `----
  help: Consider removing this import.

  ! eslint(no-unused-vars): Variable 'amountDue' is assigned a value but never used. Unused variables should start with a '_'.
    ,-[src/hooks/calculatePaymentAmount.ts:45:9]
 44 |   if (totalPrice > 0) {
 45 |     let amountDue = totalPrice
    :         ^^^^|^^^^
    :             `-- 'amountDue' is declared here
 46 | 
 47 |     if (requiresPayment) {
 48 |       const firstPaidService = services.docs.find((s) => s.paidService && s.paymentRequired)
 49 | 
 50 |       if (firstPaidService) {
 51 |         const depositType = firstPaidService.depositType || 'full'
 52 |         const depositAmount = firstPaidService.depositAmount || 0
 53 | 
 54 |         switch (depositType) {
 55 |           case 'fixed':
 56 |             amountDue = Math.min(depositAmount, totalPrice)
 57 |             break
 58 |           case 'percentage':
 59 |             amountDue = (totalPrice * depositAmount) / 100
 60 |             break
 61 |           default:
 62 |             amountDue = totalPrice
    :             ^^^^|^^^^
    :                 `-- it was last assigned here
 63 |         }
    `----
  help: Did you mean to use this variable?

Found 7 warnings and 0 errors.
Finished in 164ms on 70 files using 10 threads.
