$ pnpm dev:generate-importmap

> payload-appointments-plugin@3.0.0 dev:generate-importmap /Users/w3/projects/doctors-app/packages/payload-appointments-plugin
> pnpm dev:payload generate:importmap


> payload-appointments-plugin@3.0.0 dev:payload /Users/w3/projects/doctors-app/packages/payload-appointments-plugin
> cross-env PAYLOAD_CONFIG_PATH=./dev/payload.config.ts payload generate:importmap


node:internal/process/promises:394
    triggerUncaughtException(err, true /* fromPromise */);
    ^
Error [ERR_MODULE_NOT_FOUND]: Cannot find package '@payloadcms/email-nodemailer' imported from /Users/w3/projects/doctors-app/packages/payload-appointments-plugin/dev/payload.config.ts
    at Object.getPackageJSONURL (node:internal/modules/package_json_reader:301:9)
    at packageResolve (node:internal/modules/esm/resolve:764:81)
    at moduleResolve (node:internal/modules/esm/resolve:855:18)
    at defaultResolve (node:internal/modules/esm/resolve:988:11)
    at nextResolve (node:internal/modules/esm/hooks:785:28)
    at resolveBase (file:///Users/w3/projects/doctors-app/node_modules/.bun/tsx@4.21.0/node_modules/tsx/dist/esm/index.mjs?1778136793215:2:3744)
    at resolveDirectory (file:///Users/w3/projects/doctors-app/node_modules/.bun/tsx@4.21.0/node_modules/tsx/dist/esm/index.mjs?1778136793215:2:4243)
    at resolveTsPaths (file:///Users/w3/projects/doctors-app/node_modules/.bun/tsx@4.21.0/node_modules/tsx/dist/esm/index.mjs?1778136793215:2:4984)
    at async resolve (file:///Users/w3/projects/doctors-app/node_modules/.bun/tsx@4.21.0/node_modules/tsx/dist/esm/index.mjs?1778136793215:2:5355)
    at async nextResolve (node:internal/modules/esm/hooks:785:22) {
  code: 'ERR_MODULE_NOT_FOUND'
}

Node.js v24.15.0
 ELIFECYCLE  Command failed with exit code 1.
 ELIFECYCLE  Command failed with exit code 1.
error: script "generate:importmap" exited with code 1
